
> frontend@0.1.0 build
> next build

Γû▓ Next.js 16.1.6 (Turbopack)
- Environments: .env.local

  Creating an optimized production build ...
Γ£ô Compiled successfully in 3.3s
  Running TypeScript ...
node.exe : Failed to compile.
At line:1 char:1
+ & "C:\Users\Acer\AppData\Local\Mi
crosoft\WinGet\Packages\OpenJS.Node
J ...
+ ~~~~~~~~~~~~~~~~~~~~~~~~~~~~~~~~~
~~~~~~~~~~~~~~~~~~~~~~~~~~~~~~~~~~~
~
    + CategoryInfo          : NotS 
   pecified: (Failed to compile.:  
  String) [], RemoteException
    + FullyQualifiedErrorId : Nati 
   veCommandError
 

./app/admin/categories/page.tsx:144
:59
Type error: Parameter 'e' 
implicitly has an 'any' type.

[0m [90m 142 |[39m              
                                   
transition[33m:[39m [32m"all 
var(--transition)"[39m
 [90m 143 |[39m                  
                           }}
[31m[1m>[22m[39m[90m 144 
|[39m                             
                
onMouseEnter[33m=[39m{e 
[33m=>[39m e[33m.[39mcurrentTar
get[33m.[39mstyle[33m.[39mbackg
round [33m=[39m [32m"rgb(239, 
68, 68)"[39m[33m,[39m e 
[33m=>[39m e[33m.[39mcurrentTar
get[33m.[39mstyle[33m.[39mcolor
 [33m=[39m [32m"#fff"[39m}
 [90m     |[39m                  
                                   
      [31m[1m^[22m[39m
 [90m 145 |[39m                  
                           
onMouseLeave[33m=[39m{e 
[33m=>[39m e[33m.[39mcurrentTar
get[33m.[39mstyle[33m.[39mbackg
round [33m=[39m [32m"rgba(239, 
68, 68, 0.1)"[39m[33m,[39m e 
[33m=>[39m e[33m.[39mcurrentTar
get[33m.[39mstyle[33m.[39mcolor
 [33m=[39m [32m"rgb(239, 68, 
68)"[39m}
 [90m 146 |[39m                  
                       [33m>[39m
 [90m 147 |[39m                  
                           
[33mDelete[39m[0m
Next.js build worker exited with 
code: 1 and signal: null
